../Core/Src/game_mechanics.c:30:6:clearCanvas	16	static
../Core/Src/game_mechanics.c:34:6:initCounters	4	static
../Core/Src/game_mechanics.c:60:6:gameSetup	8	static
../Core/Src/game_mechanics.c:77:6:initSnake	24	static
../Core/Src/game_mechanics.c:97:6:initFood	16	static
../Core/Src/game_mechanics.c:120:6:getInput	16	static
../Core/Src/game_mechanics.c:193:6:updateGameState	48	static
../Core/Src/game_mechanics.c:247:6:clearSnake	24	static
../Core/Src/game_mechanics.c:255:6:renderSnake	48	static
../Core/Src/game_mechanics.c:269:6:renderFood	12	static
../Core/Src/game_mechanics.c:274:6:renderChar	4	static
../Core/Src/game_mechanics.c:285:6:checkIdleEffectFinished	16	static
../Core/Src/game_mechanics.c:301:6:fireworks_Normal	48	static
../Core/Src/game_mechanics.c:328:6:fireworks_Random	24	static
../Core/Src/game_mechanics.c:346:6:fireworks_Rain	24	static
../Core/Src/game_mechanics.c:376:6:fireworks_Frame	32	static
../Core/Src/game_mechanics.c:484:6:fireworks_Full	8	static
../Core/Src/game_mechanics.c:495:6:fireworks_CornerCube	40	static
../Core/Src/game_mechanics.c:534:6:showFireworks	8	static
../Core/Src/game_mechanics.c:552:6:SPIByteMapping	432	static
../Core/Src/game_mechanics.c:588:6:PWMCalc	40	static
../Core/Src/game_mechanics.c:663:6:SPIOutput	24	static
../Core/Src/game_mechanics.c:690:6:SPIControlHub	24	static
