../Core/Src/game_mechanics.c:32:6:clearCanvas	16	static
../Core/Src/game_mechanics.c:36:6:gameSetup	8	static
../Core/Src/game_mechanics.c:63:6:initSnake	24	static
../Core/Src/game_mechanics.c:83:6:initFood	16	static
../Core/Src/game_mechanics.c:106:6:getInput	24	static
../Core/Src/game_mechanics.c:145:6:updateGameState	48	static
../Core/Src/game_mechanics.c:199:6:clearSnake	24	static
../Core/Src/game_mechanics.c:207:6:renderSnake	48	static
../Core/Src/game_mechanics.c:221:6:renderFood	12	static
../Core/Src/game_mechanics.c:226:6:renderChar	4	static
../Core/Src/game_mechanics.c:237:6:checkIdleEffectFinished	16	static
../Core/Src/game_mechanics.c:253:6:fireworks_Normal	48	static
../Core/Src/game_mechanics.c:280:6:fireworks_Random	24	static
../Core/Src/game_mechanics.c:298:6:fireworks_Rain	24	static
../Core/Src/game_mechanics.c:328:6:fireworks_Frame	32	static
../Core/Src/game_mechanics.c:436:6:fireworks_Full	8	static
../Core/Src/game_mechanics.c:447:6:fireworks_CornerCube	40	static
../Core/Src/game_mechanics.c:486:6:showFireworks	8	static
../Core/Src/game_mechanics.c:504:6:SPIByteMapping	432	static
../Core/Src/game_mechanics.c:540:6:PWMCalc	40	static
../Core/Src/game_mechanics.c:554:6:SPIOutput	24	static
../Core/Src/game_mechanics.c:587:6:SPIControlHub	56	static
