../Core/Src/main.c:63:6:HAL_I2C_ListenCpltCallback	16	static
../Core/Src/main.c:67:6:HAL_I2C_AddrCallback	16	static
../Core/Src/main.c:76:6:HAL_I2C_SlaveRxCpltCallback	16	static
../Core/Src/main.c:81:6:HAL_I2C_ErrorCallback	16	static
../Core/Src/main.c:96:5:main	8	static
../Core/Src/main.c:149:6:SystemClock_Config	72	static
../Core/Src/main.c:188:13:MX_I2C1_Init	8	static
../Core/Src/main.c:222:13:MX_SPI1_Init	8	static
../Core/Src/main.c:260:13:MX_TIM2_Init	32	static
../Core/Src/main.c:305:13:MX_GPIO_Init	32	static
../Core/Src/main.c:346:6:Error_Handler	4	static,ignoring_inline_asm
