../Core/Src/main.c:65:6:HAL_I2C_ListenCpltCallback	16	static
../Core/Src/main.c:69:6:HAL_I2C_AddrCallback	16	static
../Core/Src/main.c:79:6:HAL_I2C_SlaveRxCpltCallback	16	static
../Core/Src/main.c:85:6:HAL_I2C_ErrorCallback	16	static
../Core/Src/main.c:99:5:main	16	static
../Core/Src/main.c:248:6:SystemClock_Config	72	static
../Core/Src/main.c:287:13:MX_I2C1_Init	8	static
../Core/Src/main.c:321:13:MX_SPI1_Init	8	static
../Core/Src/main.c:359:13:MX_TIM2_Init	32	static
../Core/Src/main.c:404:13:MX_GPIO_Init	32	static
../Core/Src/main.c:445:6:Error_Handler	4	static,ignoring_inline_asm
