../Core/Src/game_mechanics.c:31:6:clearCanvas	0	static
../Core/Src/game_mechanics.c:62:6:initSnake	24	static
../Core/Src/game_mechanics.c:82:6:initFood	24	static
../Core/Src/game_mechanics.c:35:6:gameSetup	16	static
../Core/Src/game_mechanics.c:105:6:getInput	0	static
../Core/Src/game_mechanics.c:144:6:updateGameState	32	static
../Core/Src/game_mechanics.c:198:6:clearSnake	20	static
../Core/Src/game_mechanics.c:206:6:renderSnake	48	static
../Core/Src/game_mechanics.c:220:6:renderFood	0	static
../Core/Src/game_mechanics.c:225:6:renderChar	0	static
../Core/Src/game_mechanics.c:236:6:checkIdleEffectFinished	0	static
../Core/Src/game_mechanics.c:252:6:fireworks_Normal	40	static
../Core/Src/game_mechanics.c:279:6:fireworks_Random	32	static
../Core/Src/game_mechanics.c:297:6:fireworks_Rain	48	static
../Core/Src/game_mechanics.c:327:6:fireworks_Frame	24	static
../Core/Src/game_mechanics.c:435:6:fireworks_Full	8	static
../Core/Src/game_mechanics.c:446:6:fireworks_CornerCube	40	static
../Core/Src/game_mechanics.c:485:6:showFireworks	0	static
../Core/Src/game_mechanics.c:503:6:SPIByteMapping	408	static
../Core/Src/game_mechanics.c:539:6:PWMCalc	28	static
../Core/Src/game_mechanics.c:553:6:SPIOutput	16	static
../Core/Src/game_mechanics.c:604:6:SPIControlHub	64	static
