../Core/Src/game_mechanics.c:30:6:clearCanvas	0	static
../Core/Src/game_mechanics.c:34:6:initCounters	16	static
../Core/Src/game_mechanics.c:77:6:initSnake	24	static
../Core/Src/game_mechanics.c:97:6:initFood	24	static
../Core/Src/game_mechanics.c:60:6:gameSetup	8	static
../Core/Src/game_mechanics.c:120:6:getInput	56	static
../Core/Src/game_mechanics.c:193:6:updateGameState	32	static
../Core/Src/game_mechanics.c:247:6:clearSnake	20	static
../Core/Src/game_mechanics.c:255:6:renderSnake	48	static
../Core/Src/game_mechanics.c:269:6:renderFood	0	static
../Core/Src/game_mechanics.c:274:6:renderChar	0	static
../Core/Src/game_mechanics.c:285:6:checkIdleEffectFinished	0	static
../Core/Src/game_mechanics.c:301:6:fireworks_Normal	40	static
../Core/Src/game_mechanics.c:328:6:fireworks_Random	32	static
../Core/Src/game_mechanics.c:346:6:fireworks_Rain	48	static
../Core/Src/game_mechanics.c:376:6:fireworks_Frame	24	static
../Core/Src/game_mechanics.c:484:6:fireworks_Full	8	static
../Core/Src/game_mechanics.c:495:6:fireworks_CornerCube	40	static
../Core/Src/game_mechanics.c:534:6:showFireworks	0	static
../Core/Src/game_mechanics.c:552:6:SPIByteMapping	408	static
../Core/Src/game_mechanics.c:588:6:PWMCalc	28	static
../Core/Src/game_mechanics.c:602:6:SPIOutput	20	static
../Core/Src/game_mechanics.c:665:6:SPIControlHub	16	static
